Archive member included to satisfy reference by file (symbol)

c:/gcc-arm-none-eabi-10-2020-q4-major/bin/../lib/gcc/arm-none-eabi/10.2.1/../../../../arm-none-eabi/lib/thumb/v7-m/nofp\libg.a(lib_a-exit.o)
                              c:/gcc-arm-none-eabi-10-2020-q4-major/bin/../lib/gcc/arm-none-eabi/10.2.1/../../../../arm-none-eabi/lib/thumb/v7-m/nofp/crt0.o (exit)
c:/gcc-arm-none-eabi-10-2020-q4-major/bin/../lib/gcc/arm-none-eabi/10.2.1/../../../../arm-none-eabi/lib/thumb/v7-m/nofp\libg.a(lib_a-impure.o)
                              c:/gcc-arm-none-eabi-10-2020-q4-major/bin/../lib/gcc/arm-none-eabi/10.2.1/../../../../arm-none-eabi/lib/thumb/v7-m/nofp\libg.a(lib_a-exit.o) (_global_impure_ptr)
c:/gcc-arm-none-eabi-10-2020-q4-major/bin/../lib/gcc/arm-none-eabi/10.2.1/../../../../arm-none-eabi/lib/thumb/v7-m/nofp\libg.a(lib_a-init.o)
                              c:/gcc-arm-none-eabi-10-2020-q4-major/bin/../lib/gcc/arm-none-eabi/10.2.1/../../../../arm-none-eabi/lib/thumb/v7-m/nofp/crt0.o (__libc_init_array)
c:/gcc-arm-none-eabi-10-2020-q4-major/bin/../lib/gcc/arm-none-eabi/10.2.1/../../../../arm-none-eabi/lib/thumb/v7-m/nofp\libg.a(lib_a-memset.o)
                              c:/gcc-arm-none-eabi-10-2020-q4-major/bin/../lib/gcc/arm-none-eabi/10.2.1/../../../../arm-none-eabi/lib/thumb/v7-m/nofp/crt0.o (memset)
c:/gcc-arm-none-eabi-10-2020-q4-major/bin/../lib/gcc/arm-none-eabi/10.2.1/../../../../arm-none-eabi/lib/thumb/v7-m/nofp\libg.a(lib_a-__call_atexit.o)
                              c:/gcc-arm-none-eabi-10-2020-q4-major/bin/../lib/gcc/arm-none-eabi/10.2.1/../../../../arm-none-eabi/lib/thumb/v7-m/nofp\libg.a(lib_a-exit.o) (__call_exitprocs)
c:/gcc-arm-none-eabi-10-2020-q4-major/bin/../lib/gcc/arm-none-eabi/10.2.1/../../../../arm-none-eabi/lib/thumb/v7-m/nofp\libg.a(lib_a-atexit.o)
                              c:/gcc-arm-none-eabi-10-2020-q4-major/bin/../lib/gcc/arm-none-eabi/10.2.1/../../../../arm-none-eabi/lib/thumb/v7-m/nofp\libg.a(lib_a-__call_atexit.o) (atexit)
c:/gcc-arm-none-eabi-10-2020-q4-major/bin/../lib/gcc/arm-none-eabi/10.2.1/../../../../arm-none-eabi/lib/thumb/v7-m/nofp\libg.a(lib_a-fini.o)
                              c:/gcc-arm-none-eabi-10-2020-q4-major/bin/../lib/gcc/arm-none-eabi/10.2.1/../../../../arm-none-eabi/lib/thumb/v7-m/nofp\libg.a(lib_a-__call_atexit.o) (__libc_fini_array)
c:/gcc-arm-none-eabi-10-2020-q4-major/bin/../lib/gcc/arm-none-eabi/10.2.1/../../../../arm-none-eabi/lib/thumb/v7-m/nofp\libg.a(lib_a-lock.o)
                              c:/gcc-arm-none-eabi-10-2020-q4-major/bin/../lib/gcc/arm-none-eabi/10.2.1/../../../../arm-none-eabi/lib/thumb/v7-m/nofp\libg.a(lib_a-__call_atexit.o) (__retarget_lock_acquire_recursive)
c:/gcc-arm-none-eabi-10-2020-q4-major/bin/../lib/gcc/arm-none-eabi/10.2.1/../../../../arm-none-eabi/lib/thumb/v7-m/nofp\libg.a(lib_a-__atexit.o)
                              c:/gcc-arm-none-eabi-10-2020-q4-major/bin/../lib/gcc/arm-none-eabi/10.2.1/../../../../arm-none-eabi/lib/thumb/v7-m/nofp\libg.a(lib_a-atexit.o) (__register_exitproc)

Discarded input sections

 .text          0x00000000        0x0 c:/gcc-arm-none-eabi-10-2020-q4-major/bin/../lib/gcc/arm-none-eabi/10.2.1/thumb/v7-m/nofp/crti.o
 .data          0x00000000        0x0 c:/gcc-arm-none-eabi-10-2020-q4-major/bin/../lib/gcc/arm-none-eabi/10.2.1/thumb/v7-m/nofp/crti.o
 .bss           0x00000000        0x0 c:/gcc-arm-none-eabi-10-2020-q4-major/bin/../lib/gcc/arm-none-eabi/10.2.1/thumb/v7-m/nofp/crti.o
 .data          0x00000000        0x4 c:/gcc-arm-none-eabi-10-2020-q4-major/bin/../lib/gcc/arm-none-eabi/10.2.1/thumb/v7-m/nofp/crtbegin.o
 .rodata        0x00000000       0x24 c:/gcc-arm-none-eabi-10-2020-q4-major/bin/../lib/gcc/arm-none-eabi/10.2.1/thumb/v7-m/nofp/crtbegin.o
 .text          0x00000000       0x7c c:/gcc-arm-none-eabi-10-2020-q4-major/bin/../lib/gcc/arm-none-eabi/10.2.1/../../../../arm-none-eabi/lib/thumb/v7-m/nofp/crt0.o
 .data          0x00000000        0x0 c:/gcc-arm-none-eabi-10-2020-q4-major/bin/../lib/gcc/arm-none-eabi/10.2.1/../../../../arm-none-eabi/lib/thumb/v7-m/nofp/crt0.o
 .bss           0x00000000        0x0 c:/gcc-arm-none-eabi-10-2020-q4-major/bin/../lib/gcc/arm-none-eabi/10.2.1/../../../../arm-none-eabi/lib/thumb/v7-m/nofp/crt0.o
 .ARM.extab     0x00000000        0x0 c:/gcc-arm-none-eabi-10-2020-q4-major/bin/../lib/gcc/arm-none-eabi/10.2.1/../../../../arm-none-eabi/lib/thumb/v7-m/nofp/crt0.o
 .ARM.exidx     0x00000000       0x10 c:/gcc-arm-none-eabi-10-2020-q4-major/bin/../lib/gcc/arm-none-eabi/10.2.1/../../../../arm-none-eabi/lib/thumb/v7-m/nofp/crt0.o
 .ARM.attributes
                0x00000000       0x1b c:/gcc-arm-none-eabi-10-2020-q4-major/bin/../lib/gcc/arm-none-eabi/10.2.1/../../../../arm-none-eabi/lib/thumb/v7-m/nofp/crt0.o
 .text          0x00000000        0x0 CMakeFiles/source.elf.dir/Core/Src/gpio.c.obj
 .data          0x00000000        0x0 CMakeFiles/source.elf.dir/Core/Src/gpio.c.obj
[...]
Memory Configuration

Name             Origin             Length             Attributes
RAM              0x20000000         0x00005000         xrw
FLASH            0x08000000         0x00010000         xr
*default*        0x00000000         0xffffffff

Linker script and memory map

LOAD c:/gcc-arm-none-eabi-10-2020-q4-major/bin/../lib/gcc/arm-none-eabi/10.2.1/thumb/v7-m/nofp/crti.o
LOAD c:/gcc-arm-none-eabi-10-2020-q4-major/bin/../lib/gcc/arm-none-eabi/10.2.1/thumb/v7-m/nofp/crtbegin.o
LOAD c:/gcc-arm-none-eabi-10-2020-q4-major/bin/../lib/gcc/arm-none-eabi/10.2.1/../../../../arm-none-eabi/lib/thumb/v7-m/nofp/crt0.o
LOAD CMakeFiles/source.elf.dir/Core/Src/gpio.c.obj
LOAD CMakeFiles/source.elf.dir/Core/Src/main.c.obj
LOAD CMakeFiles/source.elf.dir/Core/Src/stm32f1xx_hal_msp.c.obj
LOAD CMakeFiles/source.elf.dir/Core/Src/stm32f1xx_it.c.obj
LOAD CMakeFiles/source.elf.dir/Core/Src/system_stm32f1xx.c.obj
LOAD CMakeFiles/source.elf.dir/Core/Src/tim.c.obj
LOAD CMakeFiles/source.elf.dir/Core/Startup/startup_stm32f103c8tx.s.obj
LOAD CMakeFiles/source.elf.dir/Drivers/STM32F1xx_HAL_Driver/Src/stm32f1xx_hal.c.obj
LOAD CMakeFiles/source.elf.dir/Drivers/STM32F1xx_HAL_Driver/Src/stm32f1xx_hal_cortex.c.obj
LOAD CMakeFiles/source.elf.dir/Drivers/STM32F1xx_HAL_Driver/Src/stm32f1xx_hal_dma.c.obj
LOAD CMakeFiles/source.elf.dir/Drivers/STM32F1xx_HAL_Driver/Src/stm32f1xx_hal_exti.c.obj
LOAD CMakeFiles/source.elf.dir/Drivers/STM32F1xx_HAL_Driver/Src/stm32f1xx_hal_flash.c.obj
LOAD CMakeFiles/source.elf.dir/Drivers/STM32F1xx_HAL_Driver/Src/stm32f1xx_hal_flash_ex.c.obj
LOAD CMakeFiles/source.elf.dir/Drivers/STM32F1xx_HAL_Driver/Src/stm32f1xx_hal_gpio.c.obj
LOAD CMakeFiles/source.elf.dir/Drivers/STM32F1xx_HAL_Driver/Src/stm32f1xx_hal_gpio_ex.c.obj
LOAD CMakeFiles/source.elf.dir/Drivers/STM32F1xx_HAL_Driver/Src/stm32f1xx_hal_pwr.c.obj
LOAD CMakeFiles/source.elf.dir/Drivers/STM32F1xx_HAL_Driver/Src/stm32f1xx_hal_rcc.c.obj
LOAD CMakeFiles/source.elf.dir/Drivers/STM32F1xx_HAL_Driver/Src/stm32f1xx_hal_rcc_ex.c.obj
LOAD CMakeFiles/source.elf.dir/Drivers/STM32F1xx_HAL_Driver/Src/stm32f1xx_hal_tim.c.obj
LOAD CMakeFiles/source.elf.dir/Drivers/STM32F1xx_HAL_Driver/Src/stm32f1xx_hal_tim_ex.c.obj
START GROUP
LOAD c:/gcc-arm-none-eabi-10-2020-q4-major/bin/../lib/gcc/arm-none-eabi/10.2.1/thumb/v7-m/nofp\libgcc.a
LOAD c:/gcc-arm-none-eabi-10-2020-q4-major/bin/../lib/gcc/arm-none-eabi/10.2.1/../../../../arm-none-eabi/lib/thumb/v7-m/nofp\libg.a
LOAD c:/gcc-arm-none-eabi-10-2020-q4-major/bin/../lib/gcc/arm-none-eabi/10.2.1/../../../../arm-none-eabi/lib/thumb/v7-m/nofp\libc.a
END GROUP
LOAD c:/gcc-arm-none-eabi-10-2020-q4-major/bin/../lib/gcc/arm-none-eabi/10.2.1/thumb/v7-m/nofp/crtend.o
LOAD c:/gcc-arm-none-eabi-10-2020-q4-major/bin/../lib/gcc/arm-none-eabi/10.2.1/thumb/v7-m/nofp/crtn.o
                0x20005000                _estack = (ORIGIN (RAM) + LENGTH (RAM))
                0x00000200                _Min_Heap_Size = 0x200
                0x00000400                _Min_Stack_Size = 0x400

.isr_vector     0x08000000      0x10c
                0x08000000                . = ALIGN (0x4)
 *(.isr_vector)
 .isr_vector    0x08000000      0x10c CMakeFiles/source.elf.dir/Core/Startup/startup_stm32f103c8tx.s.obj
                0x08000000                g_pfnVectors
                0x0800010c                . = ALIGN (0x4)

.text           0x0800010c     0x1ed4
                0x0800010c                . = ALIGN (0x4)
 *(.text)
 .text          0x0800010c       0x40 c:/gcc-arm-none-eabi-10-2020-q4-major/bin/../lib/gcc/arm-none-eabi/10.2.1/thumb/v7-m/nofp/crtbegin.o
 *(.text*)
 .text.MX_GPIO_Init
                0x0800014c       0xc8 CMakeFiles/source.elf.dir/Core/Src/gpio.c.obj
                0x0800014c                MX_GPIO_Init
 .text.readVal  0x08000214       0x10 CMakeFiles/source.elf.dir/Core/Src/main.c.obj
 .text.saveValue
                0x08000224       0x38 CMakeFiles/source.elf.dir/Core/Src/main.c.obj
 .text.GetTimeStampUS
                0x0800025c       0x2e CMakeFiles/source.elf.dir/Core/Src/main.c.obj
 *fill*         0x0800028a        0x2 
 .text.addPos   0x0800028c       0x14 CMakeFiles/source.elf.dir/Core/Src/main.c.obj
                0x0800028c                addPos
 .text.sendPulse
                0x080002a0       0x18 CMakeFiles/source.elf.dir/Core/Src/main.c.obj
                0x080002a0                sendPulse
 .text.HAL_TIM_PWM_PulseFinishedCallback
                0x080002b8      0x104 CMakeFiles/source.elf.dir/Core/Src/main.c.obj
                0x080002b8                HAL_TIM_PWM_PulseFinishedCallback
 .text.Error_Handler
                0x080003bc        0x4 CMakeFiles/source.elf.dir/Core/Src/main.c.obj
                0x080003bc                Error_Handler
 .text.SystemClock_Config
                0x080003c0       0x64 CMakeFiles/source.elf.dir/Core/Src/main.c.obj
                0x080003c0                SystemClock_Config
 .text.main     0x08000424      0x1f0 CMakeFiles/source.elf.dir/Core/Src/main.c.obj
                0x08000424                main
 .text.HAL_MspInit
                0x08000614       0x44 CMakeFiles/source.elf.dir/Core/Src/stm32f1xx_hal_msp.c.obj
                0x08000614                HAL_MspInit
 .text.NMI_Handler
                0x08000658        0x2 CMakeFiles/source.elf.dir/Core/Src/stm32f1xx_it.c.obj
                0x08000658                NMI_Handler
 .text.HardFault_Handler
                0x0800065a        0x2 CMakeFiles/source.elf.dir/Core/Src/stm32f1xx_it.c.obj
                0x0800065a                HardFault_Handler
 .text.MemManage_Handler
                0x0800065c        0x2 CMakeFiles/source.elf.dir/Core/Src/stm32f1xx_it.c.obj
                0x0800065c                MemManage_Handler
 .text.BusFault_Handler
                0x0800065e        0x2 CMakeFiles/source.elf.dir/Core/Src/stm32f1xx_it.c.obj
                0x0800065e                BusFault_Handler
 .text.UsageFault_Handler
                0x08000660        0x2 CMakeFiles/source.elf.dir/Core/Src/stm32f1xx_it.c.obj
                0x08000660                UsageFault_Handler
 .text.SVC_Handler
                0x08000662        0x2 CMakeFiles/source.elf.dir/Core/Src/stm32f1xx_it.c.obj
                0x08000662                SVC_Handler
 .text.DebugMon_Handler
                0x08000664        0x2 CMakeFiles/source.elf.dir/Core/Src/stm32f1xx_it.c.obj
                0x08000664                DebugMon_Handler
 .text.PendSV_Handler
                0x08000666        0x2 CMakeFiles/source.elf.dir/Core/Src/stm32f1xx_it.c.obj
                0x08000666                PendSV_Handler
 .text.SysTick_Handler
                0x08000668        0x8 CMakeFiles/source.elf.dir/Core/Src/stm32f1xx_it.c.obj
                0x08000668                SysTick_Handler
 .text.TIM1_CC_IRQHandler
                0x08000670       0x10 CMakeFiles/source.elf.dir/Core/Src/stm32f1xx_it.c.obj
                0x08000670                TIM1_CC_IRQHandler
 .text.SystemInit
                0x08000680        0x2 CMakeFiles/source.elf.dir/Core/Src/system_stm32f1xx.c.obj
                0x08000680                SystemInit
 *fill*         0x08000682        0x2 
 .text.HAL_TIM_Base_MspInit
                0x08000684       0x40 CMakeFiles/source.elf.dir/Core/Src/tim.c.obj
                0x08000684                HAL_TIM_Base_MspInit
 .text.HAL_TIM_MspPostInit
                0x080006c4       0x54 CMakeFiles/source.elf.dir/Core/Src/tim.c.obj
                0x080006c4                HAL_TIM_MspPostInit
 .text.MX_TIM1_Init
                0x08000718       0xec CMakeFiles/source.elf.dir/Core/Src/tim.c.obj
                0x08000718                MX_TIM1_Init
 .text.Reset_Handler
                0x08000804       0x48 CMakeFiles/source.elf.dir/Core/Startup/startup_stm32f103c8tx.s.obj
                0x08000804                Reset_Handler
 .text.Default_Handler
                0x0800084c        0x2 CMakeFiles/source.elf.dir/Core/Startup/startup_stm32f103c8tx.s.obj
                0x0800084c                RTC_Alarm_IRQHandler
                0x0800084c                EXTI2_IRQHandler
                0x0800084c                PVD_IRQHandler
                0x0800084c                EXTI3_IRQHandler
                0x0800084c                EXTI0_IRQHandler
                0x0800084c                I2C2_EV_IRQHandler
                0x0800084c                ADC1_2_IRQHandler
                0x0800084c                SPI1_IRQHandler
                0x0800084c                TAMPER_IRQHandler
                0x0800084c                DMA1_Channel4_IRQHandler
                0x0800084c                USART3_IRQHandler
                0x0800084c                RTC_IRQHandler
                0x0800084c                DMA1_Channel7_IRQHandler
                0x0800084c                CAN1_RX1_IRQHandler
                0x0800084c                TIM4_IRQHandler
                0x0800084c                I2C1_EV_IRQHandler
                0x0800084c                DMA1_Channel6_IRQHandler
                0x0800084c                TIM3_IRQHandler
                0x0800084c                RCC_IRQHandler
                0x0800084c                TIM1_TRG_COM_IRQHandler
                0x0800084c                DMA1_Channel1_IRQHandler
                0x0800084c                Default_Handler
                0x0800084c                EXTI15_10_IRQHandler
                0x0800084c                EXTI9_5_IRQHandler
                0x0800084c                SPI2_IRQHandler
                0x0800084c                DMA1_Channel5_IRQHandler
                0x0800084c                EXTI4_IRQHandler
                0x0800084c                USB_LP_CAN1_RX0_IRQHandler
                0x0800084c                USB_HP_CAN1_TX_IRQHandler
                0x0800084c                DMA1_Channel3_IRQHandler
                0x0800084c                TIM1_UP_IRQHandler
                0x0800084c                WWDG_IRQHandler
                0x0800084c                TIM2_IRQHandler
                0x0800084c                TIM1_BRK_IRQHandler
                0x0800084c                EXTI1_IRQHandler
                0x0800084c                USART2_IRQHandler
                0x0800084c                I2C2_ER_IRQHandler
                0x0800084c                DMA1_Channel2_IRQHandler
                0x0800084c                CAN1_SCE_IRQHandler
                0x0800084c                FLASH_IRQHandler
                0x0800084c                USART1_IRQHandler
                0x0800084c                I2C1_ER_IRQHandler
                0x0800084c                USBWakeUp_IRQHandler
 *fill*         0x0800084e        0x2 
 .text.HAL_InitTick
                0x08000850       0x4c CMakeFiles/source.elf.dir/Drivers/STM32F1xx_HAL_Driver/Src/stm32f1xx_hal.c.obj
                0x08000850                HAL_InitTick
 .text.HAL_Init
                0x0800089c       0x24 CMakeFiles/source.elf.dir/Drivers/STM32F1xx_HAL_Driver/Src/stm32f1xx_hal.c.obj
                0x0800089c                HAL_Init
 .text.HAL_IncTick
                0x080008c0       0x18 CMakeFiles/source.elf.dir/Drivers/STM32F1xx_HAL_Driver/Src/stm32f1xx_hal.c.obj
                0x080008c0                HAL_IncTick
 .text.HAL_GetTick
                0x080008d8        0xc CMakeFiles/source.elf.dir/Drivers/STM32F1xx_HAL_Driver/Src/stm32f1xx_hal.c.obj
                0x080008d8                HAL_GetTick
 .text.HAL_NVIC_SetPriorityGrouping
                0x080008e4       0x24 CMakeFiles/source.elf.dir/Drivers/STM32F1xx_HAL_Driver/Src/stm32f1xx_hal_cortex.c.obj
                0x080008e4                HAL_NVIC_SetPriorityGrouping
 .text.HAL_NVIC_SetPriority
                0x08000908       0x70 CMakeFiles/source.elf.dir/Drivers/STM32F1xx_HAL_Driver/Src/stm32f1xx_hal_cortex.c.obj
                0x08000908                HAL_NVIC_SetPriority
 .text.HAL_NVIC_EnableIRQ
                0x08000978       0x1c CMakeFiles/source.elf.dir/Drivers/STM32F1xx_HAL_Driver/Src/stm32f1xx_hal_cortex.c.obj
                0x08000978                HAL_NVIC_EnableIRQ
 .text.HAL_SYSTICK_Config
                0x08000994       0x28 CMakeFiles/source.elf.dir/Drivers/STM32F1xx_HAL_Driver/Src/stm32f1xx_hal_cortex.c.obj
                0x08000994                HAL_SYSTICK_Config
 .text.FLASH_Program_HalfWord
                0x080009bc       0x1c CMakeFiles/source.elf.dir/Drivers/STM32F1xx_HAL_Driver/Src/stm32f1xx_hal_flash.c.obj
 .text.FLASH_SetErrorCode
                0x080009d8       0x70 CMakeFiles/source.elf.dir/Drivers/STM32F1xx_HAL_Driver/Src/stm32f1xx_hal_flash.c.obj
 .text.HAL_FLASH_Unlock
                0x08000a48       0x34 CMakeFiles/source.elf.dir/Drivers/STM32F1xx_HAL_Driver/Src/stm32f1xx_hal_flash.c.obj
                0x08000a48                HAL_FLASH_Unlock
 .text.HAL_FLASH_Lock
                0x08000a7c       0x14 CMakeFiles/source.elf.dir/Drivers/STM32F1xx_HAL_Driver/Src/stm32f1xx_hal_flash.c.obj
                0x08000a7c                HAL_FLASH_Lock
 .text.FLASH_WaitForLastOperation
                0x08000a90       0x68 CMakeFiles/source.elf.dir/Drivers/STM32F1xx_HAL_Driver/Src/stm32f1xx_hal_flash.c.obj
                0x08000a90                FLASH_WaitForLastOperation
 .text.HAL_FLASH_Program
                0x08000af8       0xa0 CMakeFiles/source.elf.dir/Drivers/STM32F1xx_HAL_Driver/Src/stm32f1xx_hal_flash.c.obj
                0x08000af8                HAL_FLASH_Program
 .text.FLASH_MassErase
                0x08000b98       0x24 CMakeFiles/source.elf.dir/Drivers/STM32F1xx_HAL_Driver/Src/stm32f1xx_hal_flash_ex.c.obj
 .text.FLASH_PageErase
                0x08000bbc       0x24 CMakeFiles/source.elf.dir/Drivers/STM32F1xx_HAL_Driver/Src/stm32f1xx_hal_flash_ex.c.obj
                0x08000bbc                FLASH_PageErase
 .text.HAL_FLASHEx_Erase
                0x08000be0       0xa4 CMakeFiles/source.elf.dir/Drivers/STM32F1xx_HAL_Driver/Src/stm32f1xx_hal_flash_ex.c.obj
                0x08000be0                HAL_FLASHEx_Erase
 .text.HAL_GPIO_Init
                0x08000c84      0x224 CMakeFiles/source.elf.dir/Drivers/STM32F1xx_HAL_Driver/Src/stm32f1xx_hal_gpio.c.obj
                0x08000c84                HAL_GPIO_Init
 .text.HAL_GPIO_ReadPin
                0x08000ea8        0xe CMakeFiles/source.elf.dir/Drivers/STM32F1xx_HAL_Driver/Src/stm32f1xx_hal_gpio.c.obj
                0x08000ea8                HAL_GPIO_ReadPin
 .text.HAL_GPIO_WritePin
                0x08000eb6        0xc CMakeFiles/source.elf.dir/Drivers/STM32F1xx_HAL_Driver/Src/stm32f1xx_hal_gpio.c.obj
                0x08000eb6                HAL_GPIO_WritePin
 *fill*         0x08000ec2        0x2 
 .text.RCC_Delay
                0x08000ec4       0x2c CMakeFiles/source.elf.dir/Drivers/STM32F1xx_HAL_Driver/Src/stm32f1xx_hal_rcc.c.obj
 .text.HAL_RCC_OscConfig
                0x08000ef0      0x410 CMakeFiles/source.elf.dir/Drivers/STM32F1xx_HAL_Driver/Src/stm32f1xx_hal_rcc.c.obj
                0x08000ef0                HAL_RCC_OscConfig
 .text.HAL_RCC_GetSysClockFreq
                0x08001300       0x54 CMakeFiles/source.elf.dir/Drivers/STM32F1xx_HAL_Driver/Src/stm32f1xx_hal_rcc.c.obj
                0x08001300                HAL_RCC_GetSysClockFreq
 .text.HAL_RCC_ClockConfig
                0x08001354      0x16c CMakeFiles/source.elf.dir/Drivers/STM32F1xx_HAL_Driver/Src/stm32f1xx_hal_rcc.c.obj
                0x08001354                HAL_RCC_ClockConfig
 .text.TIM_OC1_SetConfig
                0x080014c0       0x5c CMakeFiles/source.elf.dir/Drivers/STM32F1xx_HAL_Driver/Src/stm32f1xx_hal_tim.c.obj
 .text.TIM_OC3_SetConfig
                0x0800151c       0x64 CMakeFiles/source.elf.dir/Drivers/STM32F1xx_HAL_Driver/Src/stm32f1xx_hal_tim.c.obj
 .text.TIM_OC4_SetConfig
                0x08001580       0x48 CMakeFiles/source.elf.dir/Drivers/STM32F1xx_HAL_Driver/Src/stm32f1xx_hal_tim.c.obj
 .text.TIM_TI1_ConfigInputStage
                0x080015c8       0x24 CMakeFiles/source.elf.dir/Drivers/STM32F1xx_HAL_Driver/Src/stm32f1xx_hal_tim.c.obj
 .text.TIM_TI2_ConfigInputStage
                0x080015ec       0x26 CMakeFiles/source.elf.dir/Drivers/STM32F1xx_HAL_Driver/Src/stm32f1xx_hal_tim.c.obj
 .text.TIM_ITRx_SetConfig
                0x08001612       0x10 CMakeFiles/source.elf.dir/Drivers/STM32F1xx_HAL_Driver/Src/stm32f1xx_hal_tim.c.obj
 .text.HAL_TIM_PWM_MspInit
                0x08001622        0x2 CMakeFiles/source.elf.dir/Drivers/STM32F1xx_HAL_Driver/Src/stm32f1xx_hal_tim.c.obj
                0x08001622                HAL_TIM_PWM_MspInit
 .text.HAL_TIM_PeriodElapsedCallback
                0x08001624        0x2 CMakeFiles/source.elf.dir/Drivers/STM32F1xx_HAL_Driver/Src/stm32f1xx_hal_tim.c.obj
                0x08001624                HAL_TIM_PeriodElapsedCallback
 .text.HAL_TIM_OC_DelayElapsedCallback
                0x08001626        0x2 CMakeFiles/source.elf.dir/Drivers/STM32F1xx_HAL_Driver/Src/stm32f1xx_hal_tim.c.obj
                0x08001626                HAL_TIM_OC_DelayElapsedCallback
 .text.HAL_TIM_IC_CaptureCallback
                0x08001628        0x2 CMakeFiles/source.elf.dir/Drivers/STM32F1xx_HAL_Driver/Src/stm32f1xx_hal_tim.c.obj
                0x08001628                HAL_TIM_IC_CaptureCallback
 .text.HAL_TIM_TriggerCallback
                0x0800162a        0x2 CMakeFiles/source.elf.dir/Drivers/STM32F1xx_HAL_Driver/Src/stm32f1xx_hal_tim.c.obj
                0x0800162a                HAL_TIM_TriggerCallback
 .text.HAL_TIM_IRQHandler
                0x0800162c      0x17a CMakeFiles/source.elf.dir/Drivers/STM32F1xx_HAL_Driver/Src/stm32f1xx_hal_tim.c.obj
                0x0800162c                HAL_TIM_IRQHandler
 *fill*         0x080017a6        0x2 
 .text.TIM_Base_SetConfig
                0x080017a8       0x74 CMakeFiles/source.elf.dir/Drivers/STM32F1xx_HAL_Driver/Src/stm32f1xx_hal_tim.c.obj
                0x080017a8                TIM_Base_SetConfig
 .text.HAL_TIM_Base_Init
                0x0800181c       0x58 CMakeFiles/source.elf.dir/Drivers/STM32F1xx_HAL_Driver/Src/stm32f1xx_hal_tim.c.obj
                0x0800181c                HAL_TIM_Base_Init
 .text.HAL_TIM_PWM_Init
                0x08001874       0x58 CMakeFiles/source.elf.dir/Drivers/STM32F1xx_HAL_Driver/Src/stm32f1xx_hal_tim.c.obj
                0x08001874                HAL_TIM_PWM_Init
 .text.TIM_OC2_SetConfig
                0x080018cc       0x64 CMakeFiles/source.elf.dir/Drivers/STM32F1xx_HAL_Driver/Src/stm32f1xx_hal_tim.c.obj
                0x080018cc                TIM_OC2_SetConfig
 .text.HAL_TIM_PWM_ConfigChannel
                0x08001930       0xdc CMakeFiles/source.elf.dir/Drivers/STM32F1xx_HAL_Driver/Src/stm32f1xx_hal_tim.c.obj
                0x08001930                HAL_TIM_PWM_ConfigChannel
 .text.TIM_ETR_SetConfig
                0x08001a0c       0x18 CMakeFiles/source.elf.dir/Drivers/STM32F1xx_HAL_Driver/Src/stm32f1xx_hal_tim.c.obj
                0x08001a0c                TIM_ETR_SetConfig
 .text.HAL_TIM_ConfigClockSource
                0x08001a24       0xfe CMakeFiles/source.elf.dir/Drivers/STM32F1xx_HAL_Driver/Src/stm32f1xx_hal_tim.c.obj
                0x08001a24                HAL_TIM_ConfigClockSource
 .text.TIM_CCxChannelCmd
                0x08001b22       0x1e CMakeFiles/source.elf.dir/Drivers/STM32F1xx_HAL_Driver/Src/stm32f1xx_hal_tim.c.obj
                0x08001b22                TIM_CCxChannelCmd
 .text.HAL_TIM_PWM_Start_IT
                0x08001b40      0x124 CMakeFiles/source.elf.dir/Drivers/STM32F1xx_HAL_Driver/Src/stm32f1xx_hal_tim.c.obj
                0x08001b40                HAL_TIM_PWM_Start_IT
 .text.HAL_TIM_PWM_Stop_IT
                0x08001c64       0xd4 CMakeFiles/source.elf.dir/Drivers/STM32F1xx_HAL_Driver/Src/stm32f1xx_hal_tim.c.obj
                0x08001c64                HAL_TIM_PWM_Stop_IT
 .text.HAL_TIMEx_MasterConfigSynchronization
                0x08001d38       0x6c CMakeFiles/source.elf.dir/Drivers/STM32F1xx_HAL_Driver/Src/stm32f1xx_hal_tim_ex.c.obj
                0x08001d38                HAL_TIMEx_MasterConfigSynchronization
 .text.HAL_TIMEx_ConfigBreakDeadTime
                0x08001da4       0x52 CMakeFiles/source.elf.dir/Drivers/STM32F1xx_HAL_Driver/Src/stm32f1xx_hal_tim_ex.c.obj
                0x08001da4                HAL_TIMEx_ConfigBreakDeadTime
 .text.HAL_TIMEx_CommutCallback
                0x08001df6        0x2 CMakeFiles/source.elf.dir/Drivers/STM32F1xx_HAL_Driver/Src/stm32f1xx_hal_tim_ex.c.obj
                0x08001df6                HAL_TIMEx_CommutCallback
 .text.HAL_TIMEx_BreakCallback
                0x08001df8        0x2 CMakeFiles/source.elf.dir/Drivers/STM32F1xx_HAL_Driver/Src/stm32f1xx_hal_tim_ex.c.obj
                0x08001df8                HAL_TIMEx_BreakCallback
 *fill*         0x08001dfa        0x2 
 .text.__libc_init_array
                0x08001dfc       0x48 c:/gcc-arm-none-eabi-10-2020-q4-major/bin/../lib/gcc/arm-none-eabi/10.2.1/../../../../arm-none-eabi/lib/thumb/v7-m/nofp\libg.a(lib_a-init.o)
                0x08001dfc                __libc_init_array
 .text.memset   0x08001e44       0xa4 c:/gcc-arm-none-eabi-10-2020-q4-major/bin/../lib/gcc/arm-none-eabi/10.2.1/../../../../arm-none-eabi/lib/thumb/v7-m/nofp\libg.a(lib_a-memset.o)
                0x08001e44                memset
 .text.startup.register_fini
                0x08001ee8       0x14 c:/gcc-arm-none-eabi-10-2020-q4-major/bin/../lib/gcc/arm-none-eabi/10.2.1/../../../../arm-none-eabi/lib/thumb/v7-m/nofp\libg.a(lib_a-__call_atexit.o)
 .text.atexit   0x08001efc        0xc c:/gcc-arm-none-eabi-10-2020-q4-major/bin/../lib/gcc/arm-none-eabi/10.2.1/../../../../arm-none-eabi/lib/thumb/v7-m/nofp\libg.a(lib_a-atexit.o)
                0x08001efc                atexit
 .text.__libc_fini_array
                0x08001f08       0x2c c:/gcc-arm-none-eabi-10-2020-q4-major/bin/../lib/gcc/arm-none-eabi/10.2.1/../../../../arm-none-eabi/lib/thumb/v7-m/nofp\libg.a(lib_a-fini.o)
                0x08001f08                __libc_fini_array
 .text.__retarget_lock_acquire_recursive
                0x08001f34        0x4 c:/gcc-arm-none-eabi-10-2020-q4-major/bin/../lib/gcc/arm-none-eabi/10.2.1/../../../../arm-none-eabi/lib/thumb/v7-m/nofp\libg.a(lib_a-lock.o)
                0x08001f34                __retarget_lock_acquire_recursive
 .text.__retarget_lock_release_recursive
                0x08001f38        0x4 c:/gcc-arm-none-eabi-10-2020-q4-major/bin/../lib/gcc/arm-none-eabi/10.2.1/../../../../arm-none-eabi/lib/thumb/v7-m/nofp\libg.a(lib_a-lock.o)
                0x08001f38                __retarget_lock_release_recursive
 .text.__register_exitproc
                0x08001f3c       0x8c c:/gcc-arm-none-eabi-10-2020-q4-major/bin/../lib/gcc/arm-none-eabi/10.2.1/../../../../arm-none-eabi/lib/thumb/v7-m/nofp\libg.a(lib_a-__atexit.o)
                0x08001f3c                __register_exitproc
 *(.glue_7)
 .glue_7        0x08001fc8        0x0 linker stubs
 *(.glue_7t)
 .glue_7t       0x08001fc8        0x0 linker stubs
 *(.eh_frame)
 .eh_frame      0x08001fc8        0x0 c:/gcc-arm-none-eabi-10-2020-q4-major/bin/../lib/gcc/arm-none-eabi/10.2.1/thumb/v7-m/nofp/crtbegin.o
 *(.init)
 .init          0x08001fc8        0x4 c:/gcc-arm-none-eabi-10-2020-q4-major/bin/../lib/gcc/arm-none-eabi/10.2.1/thumb/v7-m/nofp/crti.o
                0x08001fc8                _init
 .init          0x08001fcc        0x8 c:/gcc-arm-none-eabi-10-2020-q4-major/bin/../lib/gcc/arm-none-eabi/10.2.1/thumb/v7-m/nofp/crtn.o
 *(.fini)
 .fini          0x08001fd4        0x4 c:/gcc-arm-none-eabi-10-2020-q4-major/bin/../lib/gcc/arm-none-eabi/10.2.1/thumb/v7-m/nofp/crti.o
                0x08001fd4                _fini
 .fini          0x08001fd8        0x8 c:/gcc-arm-none-eabi-10-2020-q4-major/bin/../lib/gcc/arm-none-eabi/10.2.1/thumb/v7-m/nofp/crtn.o
                0x08001fe0                . = ALIGN (0x4)
                0x08001fe0                _etext = .

.vfp11_veneer   0x08001fe0        0x0
 .vfp11_veneer  0x08001fe0        0x0 linker stubs

.v4_bx          0x08001fe0        0x0
 .v4_bx         0x08001fe0        0x0 linker stubs

.iplt           0x08001fe0        0x0
 .iplt          0x08001fe0        0x0 c:/gcc-arm-none-eabi-10-2020-q4-major/bin/../lib/gcc/arm-none-eabi/10.2.1/thumb/v7-m/nofp/crtbegin.o

.rodata         0x08001fe0      0x280
                0x08001fe0                . = ALIGN (0x4)
 *(.rodata)
 *(.rodata*)
 .rodata.T_map  0x08001fe0      0x258 CMakeFiles/source.elf.dir/Core/Src/main.c.obj
                0x08001fe0                T_map
 .rodata.AHBPrescTable
                0x08002238       0x10 CMakeFiles/source.elf.dir/Core/Src/system_stm32f1xx.c.obj
                0x08002238                AHBPrescTable
 .rodata.aPLLMULFactorTable.1
                0x08002248       0x10 CMakeFiles/source.elf.dir/Drivers/STM32F1xx_HAL_Driver/Src/stm32f1xx_hal_rcc.c.obj
 .rodata.aPredivFactorTable.0
                0x08002258        0x2 CMakeFiles/source.elf.dir/Drivers/STM32F1xx_HAL_Driver/Src/stm32f1xx_hal_rcc.c.obj
 *fill*         0x0800225a        0x2 
 .rodata._global_impure_ptr
                0x0800225c        0x4 c:/gcc-arm-none-eabi-10-2020-q4-major/bin/../lib/gcc/arm-none-eabi/10.2.1/../../../../arm-none-eabi/lib/thumb/v7-m/nofp\libg.a(lib_a-impure.o)
                0x0800225c                _global_impure_ptr
                0x08002260                . = ALIGN (0x4)

.rel.dyn        0x08002260        0x0
 .rel.iplt      0x08002260        0x0 c:/gcc-arm-none-eabi-10-2020-q4-major/bin/../lib/gcc/arm-none-eabi/10.2.1/thumb/v7-m/nofp/crtbegin.o

.ARM.extab      0x08002260        0x0
                0x08002260                . = ALIGN (0x4)
 *(.ARM.extab* .gnu.linkonce.armextab.*)
                0x08002260                . = ALIGN (0x4)

.ARM            0x08002260        0x0
                0x08002260                . = ALIGN (0x4)
                0x08002260                __exidx_start = .
 *(.ARM.exidx*)
                0x08002260                __exidx_end = .
                0x08002260                . = ALIGN (0x4)

.preinit_array  0x08002260        0x0
                0x08002260                . = ALIGN (0x4)
                0x08002260                PROVIDE (__preinit_array_start = .)
 *(.preinit_array*)
                0x08002260                PROVIDE (__preinit_array_end = .)
                0x08002260                . = ALIGN (0x4)

.init_array     0x08002260        0x8
                0x08002260                . = ALIGN (0x4)
                0x08002260                PROVIDE (__init_array_start = .)
 *(SORT_BY_NAME(.init_array.*))
 .init_array.00000
                0x08002260        0x4 c:/gcc-arm-none-eabi-10-2020-q4-major/bin/../lib/gcc/arm-none-eabi/10.2.1/../../../../arm-none-eabi/lib/thumb/v7-m/nofp\libg.a(lib_a-__call_atexit.o)
 *(.init_array*)
 .init_array    0x08002264        0x4 c:/gcc-arm-none-eabi-10-2020-q4-major/bin/../lib/gcc/arm-none-eabi/10.2.1/thumb/v7-m/nofp/crtbegin.o
                0x08002268                PROVIDE (__init_array_end = .)
                0x08002268                . = ALIGN (0x4)

.fini_array     0x08002268        0x4
                0x08002268                . = ALIGN (0x4)
                0x08002268                PROVIDE (__fini_array_start = .)
 *(SORT_BY_NAME(.fini_array.*))
 *(.fini_array*)
 .fini_array    0x08002268        0x4 c:/gcc-arm-none-eabi-10-2020-q4-major/bin/../lib/gcc/arm-none-eabi/10.2.1/thumb/v7-m/nofp/crtbegin.o
                0x0800226c                PROVIDE (__fini_array_end = .)
                0x0800226c                . = ALIGN (0x4)
                0x0800226c                _sidata = LOADADDR (.data)

.data           0x20000000      0x43c load address 0x0800226c
                0x20000000                . = ALIGN (0x4)
                0x20000000                _sdata = .
 *(.data)
 *(.data*)
 .data.SystemCoreClock
                0x20000000        0x4 CMakeFiles/source.elf.dir/Core/Src/system_stm32f1xx.c.obj
                0x20000000                SystemCoreClock
 .data.uwTickFreq
                0x20000004        0x1 CMakeFiles/source.elf.dir/Drivers/STM32F1xx_HAL_Driver/Src/stm32f1xx_hal.c.obj
                0x20000004                uwTickFreq
 *fill*         0x20000005        0x3 
 .data.uwTickPrio
                0x20000008        0x4 CMakeFiles/source.elf.dir/Drivers/STM32F1xx_HAL_Driver/Src/stm32f1xx_hal.c.obj
                0x20000008                uwTickPrio
 *fill*         0x2000000c        0x4 
 .data.impure_data
                0x20000010      0x428 c:/gcc-arm-none-eabi-10-2020-q4-major/bin/../lib/gcc/arm-none-eabi/10.2.1/../../../../arm-none-eabi/lib/thumb/v7-m/nofp\libg.a(lib_a-impure.o)
 .data.__atexit_recursive_mutex
                0x20000438        0x4 c:/gcc-arm-none-eabi-10-2020-q4-major/bin/../lib/gcc/arm-none-eabi/10.2.1/../../../../arm-none-eabi/lib/thumb/v7-m/nofp\libg.a(lib_a-__call_atexit.o)
                0x20000438                __atexit_recursive_mutex
 *(.RamFunc)
 *(.RamFunc*)
                0x2000043c                . = ALIGN (0x4)
                0x2000043c                _edata = .

.igot.plt       0x2000043c        0x0 load address 0x080026a8
 .igot.plt      0x2000043c        0x0 c:/gcc-arm-none-eabi-10-2020-q4-major/bin/../lib/gcc/arm-none-eabi/10.2.1/thumb/v7-m/nofp/crtbegin.o
                0x2000043c                . = ALIGN (0x4)

.bss            0x20000440       0xb4 load address 0x080026a8
                0x20000440                _sbss = .
                0x20000440                __bss_start__ = _sbss
 *(.bss)
 .bss           0x20000440       0x1c c:/gcc-arm-none-eabi-10-2020-q4-major/bin/../lib/gcc/arm-none-eabi/10.2.1/thumb/v7-m/nofp/crtbegin.o
 *(.bss*)
 .bss.direction
                0x2000045c        0x1 CMakeFiles/source.elf.dir/Core/Src/main.c.obj
 *fill*         0x2000045d        0x3 
 .bss.gCnt      0x20000460        0x4 CMakeFiles/source.elf.dir/Core/Src/main.c.obj
 .bss.gNum      0x20000464        0x4 CMakeFiles/source.elf.dir/Core/Src/main.c.obj
 .bss.movedFlag
                0x20000468        0x1 CMakeFiles/source.elf.dir/Core/Src/main.c.obj
 .bss.moving    0x20000469        0x1 CMakeFiles/source.elf.dir/Core/Src/main.c.obj
 .bss.needMoveUp
                0x2000046a        0x1 CMakeFiles/source.elf.dir/Core/Src/main.c.obj
 *fill*         0x2000046b        0x1 
 .bss.pos1      0x2000046c        0x4 CMakeFiles/source.elf.dir/Core/Src/main.c.obj
 .bss.pos2      0x20000470        0x4 CMakeFiles/source.elf.dir/Core/Src/main.c.obj
 .bss.pulse     0x20000474        0x4 CMakeFiles/source.elf.dir/Core/Src/main.c.obj
 .bss.timestamp.0
                0x20000478        0x4 CMakeFiles/source.elf.dir/Core/Src/main.c.obj
 .bss.userControl
                0x2000047c        0x1 CMakeFiles/source.elf.dir/Core/Src/main.c.obj
 .bss.waitingMoveUp
                0x2000047d        0x1 CMakeFiles/source.elf.dir/Core/Src/main.c.obj
 *fill*         0x2000047e        0x2 
 .bss.htim1     0x20000480       0x48 CMakeFiles/source.elf.dir/Core/Src/tim.c.obj
                0x20000480                htim1
 .bss.uwTick    0x200004c8        0x4 CMakeFiles/source.elf.dir/Drivers/STM32F1xx_HAL_Driver/Src/stm32f1xx_hal.c.obj
                0x200004c8                uwTick
 *fill*         0x200004cc        0x4 
 .bss.pFlash    0x200004d0       0x20 CMakeFiles/source.elf.dir/Drivers/STM32F1xx_HAL_Driver/Src/stm32f1xx_hal_flash.c.obj
                0x200004d0                pFlash
 .bss.__lock___atexit_recursive_mutex
                0x200004f0        0x1 c:/gcc-arm-none-eabi-10-2020-q4-major/bin/../lib/gcc/arm-none-eabi/10.2.1/../../../../arm-none-eabi/lib/thumb/v7-m/nofp\libg.a(lib_a-lock.o)
                0x200004f0                __lock___atexit_recursive_mutex
 *(COMMON)
                0x200004f4                . = ALIGN (0x4)
 *fill*         0x200004f1        0x3 
                0x200004f4                _ebss = .
                0x200004f4                __bss_end__ = _ebss

._user_heap_stack
                0x200004f4      0x604 load address 0x080026a8
                0x200004f8                . = ALIGN (0x8)
 *fill*         0x200004f4        0x4 
                [!provide]                PROVIDE (end = .)
                [!provide]                PROVIDE (_end = .)
                0x200006f8                . = (. + _Min_Heap_Size)
 *fill*         0x200004f8      0x200 
                0x20000af8                . = (. + _Min_Stack_Size)
 *fill*         0x200006f8      0x400 
                0x20000af8                . = ALIGN (0x8)

/DISCARD/
 libc.a(*)
 libm.a(*)
 libgcc.a(*)

.ARM.attributes
                0x00000000       0x29
 *(.ARM.attributes)
 .ARM.attributes
                0x00000000       0x1d c:/gcc-arm-none-eabi-10-2020-q4-major/bin/../lib/gcc/arm-none-eabi/10.2.1/thumb/v7-m/nofp/crti.o
 .ARM.attributes
                0x0000001d       0x2d c:/gcc-arm-none-eabi-10-2020-q4-major/bin/../lib/gcc/arm-none-eabi/10.2.1/thumb/v7-m/nofp/crtbegin.o
 .ARM.attributes
                0x0000004a       0x2d CMakeFiles/source.elf.dir/Core/Src/gpio.c.obj
 .ARM.attributes
                0x00000077       0x2d CMakeFiles/source.elf.dir/Core/Src/main.c.obj
 .ARM.attributes
                0x000000a4       0x2d CMakeFiles/source.elf.dir/Core/Src/stm32f1xx_hal_msp.c.obj
 .ARM.attributes
                0x000000d1       0x2d CMakeFiles/source.elf.dir/Core/Src/stm32f1xx_it.c.obj
 .ARM.attributes
                0x000000fe       0x2d CMakeFiles/source.elf.dir/Core/Src/system_stm32f1xx.c.obj
 .ARM.attributes
                0x0000012b       0x2d CMakeFiles/source.elf.dir/Core/Src/tim.c.obj
 .ARM.attributes
                0x00000158       0x21 CMakeFiles/source.elf.dir/Core/Startup/startup_stm32f103c8tx.s.obj
 .ARM.attributes
                0x00000179       0x2d CMakeFiles/source.elf.dir/Drivers/STM32F1xx_HAL_Driver/Src/stm32f1xx_hal.c.obj
 .ARM.attributes
                0x000001a6       0x2d CMakeFiles/source.elf.dir/Drivers/STM32F1xx_HAL_Driver/Src/stm32f1xx_hal_cortex.c.obj
 .ARM.attributes
                0x000001d3       0x2d CMakeFiles/source.elf.dir/Drivers/STM32F1xx_HAL_Driver/Src/stm32f1xx_hal_flash.c.obj
 .ARM.attributes
                0x00000200       0x2d CMakeFiles/source.elf.dir/Drivers/STM32F1xx_HAL_Driver/Src/stm32f1xx_hal_flash_ex.c.obj
 .ARM.attributes
                0x0000022d       0x2d CMakeFiles/source.elf.dir/Drivers/STM32F1xx_HAL_Driver/Src/stm32f1xx_hal_gpio.c.obj
 .ARM.attributes
                0x0000025a       0x2d CMakeFiles/source.elf.dir/Drivers/STM32F1xx_HAL_Driver/Src/stm32f1xx_hal_rcc.c.obj
 .ARM.attributes
                0x00000287       0x2d CMakeFiles/source.elf.dir/Drivers/STM32F1xx_HAL_Driver/Src/stm32f1xx_hal_tim.c.obj
 .ARM.attributes
                0x000002b4       0x2d CMakeFiles/source.elf.dir/Drivers/STM32F1xx_HAL_Driver/Src/stm32f1xx_hal_tim_ex.c.obj
 .ARM.attributes
                0x000002e1       0x2d c:/gcc-arm-none-eabi-10-2020-q4-major/bin/../lib/gcc/arm-none-eabi/10.2.1/../../../../arm-none-eabi/lib/thumb/v7-m/nofp\libg.a(lib_a-impure.o)
 .ARM.attributes
                0x0000030e       0x2d c:/gcc-arm-none-eabi-10-2020-q4-major/bin/../lib/gcc/arm-none-eabi/10.2.1/../../../../arm-none-eabi/lib/thumb/v7-m/nofp\libg.a(lib_a-init.o)
 .ARM.attributes
                0x0000033b       0x2d c:/gcc-arm-none-eabi-10-2020-q4-major/bin/../lib/gcc/arm-none-eabi/10.2.1/../../../../arm-none-eabi/lib/thumb/v7-m/nofp\libg.a(lib_a-memset.o)
 .ARM.attributes
                0x00000368       0x2d c:/gcc-arm-none-eabi-10-2020-q4-major/bin/../lib/gcc/arm-none-eabi/10.2.1/../../../../arm-none-eabi/lib/thumb/v7-m/nofp\libg.a(lib_a-__call_atexit.o)
 .ARM.attributes
                0x00000395       0x2d c:/gcc-arm-none-eabi-10-2020-q4-major/bin/../lib/gcc/arm-none-eabi/10.2.1/../../../../arm-none-eabi/lib/thumb/v7-m/nofp\libg.a(lib_a-atexit.o)
 .ARM.attributes
                0x000003c2       0x2d c:/gcc-arm-none-eabi-10-2020-q4-major/bin/../lib/gcc/arm-none-eabi/10.2.1/../../../../arm-none-eabi/lib/thumb/v7-m/nofp\libg.a(lib_a-fini.o)
 .ARM.attributes
                0x000003ef       0x2d c:/gcc-arm-none-eabi-10-2020-q4-major/bin/../lib/gcc/arm-none-eabi/10.2.1/../../../../arm-none-eabi/lib/thumb/v7-m/nofp\libg.a(lib_a-lock.o)
 .ARM.attributes
                0x0000041c       0x2d c:/gcc-arm-none-eabi-10-2020-q4-major/bin/../lib/gcc/arm-none-eabi/10.2.1/../../../../arm-none-eabi/lib/thumb/v7-m/nofp\libg.a(lib_a-__atexit.o)
 .ARM.attributes
                0x00000449       0x1d c:/gcc-arm-none-eabi-10-2020-q4-major/bin/../lib/gcc/arm-none-eabi/10.2.1/thumb/v7-m/nofp/crtn.o
OUTPUT(source.elf elf32-littlearm)
LOAD linker stubs
LOAD c:/gcc-arm-none-eabi-10-2020-q4-major/bin/../lib/gcc/arm-none-eabi/10.2.1/../../../../arm-none-eabi/lib/thumb/v7-m/nofp\libc.a
LOAD c:/gcc-arm-none-eabi-10-2020-q4-major/bin/../lib/gcc/arm-none-eabi/10.2.1/../../../../arm-none-eabi/lib/thumb/v7-m/nofp\libm.a
LOAD c:/gcc-arm-none-eabi-10-2020-q4-major/bin/../lib/gcc/arm-none-eabi/10.2.1/thumb/v7-m/nofp\libgcc.a

.debug_info     0x00000000     0xbd44
 .debug_info    0x00000000      0x368 CMakeFiles/source.elf.dir/Core/Src/gpio.c.obj
 .debug_info    0x00000368     0x113f CMakeFiles/source.elf.dir/Core/Src/main.c.obj
 .debug_info    0x000014a7      0x211 CMakeFiles/source.elf.dir/Core/Src/stm32f1xx_hal_msp.c.obj
 .debug_info    0x000016b8      0x6ff CMakeFiles/source.elf.dir/Core/Src/stm32f1xx_it.c.obj
 .debug_info    0x00001db7      0x248 CMakeFiles/source.elf.dir/Core/Src/system_stm32f1xx.c.obj
 .debug_info    0x00001fff      0xda8 CMakeFiles/source.elf.dir/Core/Src/tim.c.obj
 .debug_info    0x00002da7       0x22 CMakeFiles/source.elf.dir/Core/Startup/startup_stm32f103c8tx.s.obj
 .debug_info    0x00002dc9      0x7a8 CMakeFiles/source.elf.dir/Drivers/STM32F1xx_HAL_Driver/Src/stm32f1xx_hal.c.obj
 .debug_info    0x00003571      0xd8a CMakeFiles/source.elf.dir/Drivers/STM32F1xx_HAL_Driver/Src/stm32f1xx_hal_cortex.c.obj
 .debug_info    0x000042fb      0x698 CMakeFiles/source.elf.dir/Drivers/STM32F1xx_HAL_Driver/Src/stm32f1xx_hal_flash.c.obj
 .debug_info    0x00004993      0xafa CMakeFiles/source.elf.dir/Drivers/STM32F1xx_HAL_Driver/Src/stm32f1xx_hal_flash_ex.c.obj
 .debug_info    0x0000548d      0x66f CMakeFiles/source.elf.dir/Drivers/STM32F1xx_HAL_Driver/Src/stm32f1xx_hal_gpio.c.obj
 .debug_info    0x00005afc      0xa3b CMakeFiles/source.elf.dir/Drivers/STM32F1xx_HAL_Driver/Src/stm32f1xx_hal_rcc.c.obj
 .debug_info    0x00006537     0x3d52 CMakeFiles/source.elf.dir/Drivers/STM32F1xx_HAL_Driver/Src/stm32f1xx_hal_tim.c.obj
 .debug_info    0x0000a289     0x1abb CMakeFiles/source.elf.dir/Drivers/STM32F1xx_HAL_Driver/Src/stm32f1xx_hal_tim_ex.c.obj

.debug_abbrev   0x00000000     0x1cb5
 .debug_abbrev  0x00000000      0x13c CMakeFiles/source.elf.dir/Core/Src/gpio.c.obj
 .debug_abbrev  0x0000013c      0x348 CMakeFiles/source.elf.dir/Core/Src/main.c.obj
 .debug_abbrev  0x00000484       0xe5 CMakeFiles/source.elf.dir/Core/Src/stm32f1xx_hal_msp.c.obj
 .debug_abbrev  0x00000569      0x179 CMakeFiles/source.elf.dir/Core/Src/stm32f1xx_it.c.obj
 .debug_abbrev  0x000006e2      0x13e CMakeFiles/source.elf.dir/Core/Src/system_stm32f1xx.c.obj
 .debug_abbrev  0x00000820      0x200 CMakeFiles/source.elf.dir/Core/Src/tim.c.obj
 .debug_abbrev  0x00000a20       0x12 CMakeFiles/source.elf.dir/Core/Startup/startup_stm32f103c8tx.s.obj
 .debug_abbrev  0x00000a32      0x1f4 CMakeFiles/source.elf.dir/Drivers/STM32F1xx_HAL_Driver/Src/stm32f1xx_hal.c.obj
 .debug_abbrev  0x00000c26      0x341 CMakeFiles/source.elf.dir/Drivers/STM32F1xx_HAL_Driver/Src/stm32f1xx_hal_cortex.c.obj
 .debug_abbrev  0x00000f67      0x22d CMakeFiles/source.elf.dir/Drivers/STM32F1xx_HAL_Driver/Src/stm32f1xx_hal_flash.c.obj
 .debug_abbrev  0x00001194      0x234 CMakeFiles/source.elf.dir/Drivers/STM32F1xx_HAL_Driver/Src/stm32f1xx_hal_flash_ex.c.obj
 .debug_abbrev  0x000013c8      0x1e6 CMakeFiles/source.elf.dir/Drivers/STM32F1xx_HAL_Driver/Src/stm32f1xx_hal_gpio.c.obj
 .debug_abbrev  0x000015ae      0x27a CMakeFiles/source.elf.dir/Drivers/STM32F1xx_HAL_Driver/Src/stm32f1xx_hal_rcc.c.obj
 .debug_abbrev  0x00001828      0x245 CMakeFiles/source.elf.dir/Drivers/STM32F1xx_HAL_Driver/Src/stm32f1xx_hal_tim.c.obj
 .debug_abbrev  0x00001a6d      0x248 CMakeFiles/source.elf.dir/Drivers/STM32F1xx_HAL_Driver/Src/stm32f1xx_hal_tim_ex.c.obj

.debug_aranges  0x00000000      0xa48
 .debug_aranges
                0x00000000       0x20 CMakeFiles/source.elf.dir/Core/Src/gpio.c.obj
 .debug_aranges
                0x00000020       0x68 CMakeFiles/source.elf.dir/Core/Src/main.c.obj
 .debug_aranges
                0x00000088       0x20 CMakeFiles/source.elf.dir/Core/Src/stm32f1xx_hal_msp.c.obj
 .debug_aranges
                0x000000a8       0x68 CMakeFiles/source.elf.dir/Core/Src/stm32f1xx_it.c.obj
 .debug_aranges
                0x00000110       0x28 CMakeFiles/source.elf.dir/Core/Src/system_stm32f1xx.c.obj
 .debug_aranges
                0x00000138       0x38 CMakeFiles/source.elf.dir/Core/Src/tim.c.obj
 .debug_aranges
                0x00000170       0x28 CMakeFiles/source.elf.dir/Core/Startup/startup_stm32f103c8tx.s.obj
 .debug_aranges
                0x00000198       0xe0 CMakeFiles/source.elf.dir/Drivers/STM32F1xx_HAL_Driver/Src/stm32f1xx_hal.c.obj
 .debug_aranges
                0x00000278       0x90 CMakeFiles/source.elf.dir/Drivers/STM32F1xx_HAL_Driver/Src/stm32f1xx_hal_cortex.c.obj
 .debug_aranges
                0x00000308       0x88 CMakeFiles/source.elf.dir/Drivers/STM32F1xx_HAL_Driver/Src/stm32f1xx_hal_flash.c.obj
 .debug_aranges
                0x00000390       0x98 CMakeFiles/source.elf.dir/Drivers/STM32F1xx_HAL_Driver/Src/stm32f1xx_hal_flash_ex.c.obj
 .debug_aranges
                0x00000428       0x58 CMakeFiles/source.elf.dir/Drivers/STM32F1xx_HAL_Driver/Src/stm32f1xx_hal_gpio.c.obj
 .debug_aranges
                0x00000480       0x90 CMakeFiles/source.elf.dir/Drivers/STM32F1xx_HAL_Driver/Src/stm32f1xx_hal_rcc.c.obj
 .debug_aranges
                0x00000510      0x3d0 CMakeFiles/source.elf.dir/Drivers/STM32F1xx_HAL_Driver/Src/stm32f1xx_hal_tim.c.obj
 .debug_aranges
                0x000008e0      0x168 CMakeFiles/source.elf.dir/Drivers/STM32F1xx_HAL_Driver/Src/stm32f1xx_hal_tim_ex.c.obj

.debug_ranges   0x00000000      0x9f8
 .debug_ranges  0x00000000       0x10 CMakeFiles/source.elf.dir/Core/Src/gpio.c.obj
 .debug_ranges  0x00000010       0x70 CMakeFiles/source.elf.dir/Core/Src/main.c.obj
 .debug_ranges  0x00000080       0x10 CMakeFiles/source.elf.dir/Core/Src/stm32f1xx_hal_msp.c.obj
 .debug_ranges  0x00000090       0x58 CMakeFiles/source.elf.dir/Core/Src/stm32f1xx_it.c.obj
 .debug_ranges  0x000000e8       0x18 CMakeFiles/source.elf.dir/Core/Src/system_stm32f1xx.c.obj
 .debug_ranges  0x00000100       0x28 CMakeFiles/source.elf.dir/Core/Src/tim.c.obj
 .debug_ranges  0x00000128       0x20 CMakeFiles/source.elf.dir/Core/Startup/startup_stm32f103c8tx.s.obj
 .debug_ranges  0x00000148       0xd0 CMakeFiles/source.elf.dir/Drivers/STM32F1xx_HAL_Driver/Src/stm32f1xx_hal.c.obj
 .debug_ranges  0x00000218       0xe0 CMakeFiles/source.elf.dir/Drivers/STM32F1xx_HAL_Driver/Src/stm32f1xx_hal_cortex.c.obj
 .debug_ranges  0x000002f8       0x78 CMakeFiles/source.elf.dir/Drivers/STM32F1xx_HAL_Driver/Src/stm32f1xx_hal_flash.c.obj
 .debug_ranges  0x00000370       0x88 CMakeFiles/source.elf.dir/Drivers/STM32F1xx_HAL_Driver/Src/stm32f1xx_hal_flash_ex.c.obj
 .debug_ranges  0x000003f8       0x48 CMakeFiles/source.elf.dir/Drivers/STM32F1xx_HAL_Driver/Src/stm32f1xx_hal_gpio.c.obj
 .debug_ranges  0x00000440       0xa0 CMakeFiles/source.elf.dir/Drivers/STM32F1xx_HAL_Driver/Src/stm32f1xx_hal_rcc.c.obj
 .debug_ranges  0x000004e0      0x3c0 CMakeFiles/source.elf.dir/Drivers/STM32F1xx_HAL_Driver/Src/stm32f1xx_hal_tim.c.obj
 .debug_ranges  0x000008a0      0x158 CMakeFiles/source.elf.dir/Drivers/STM32F1xx_HAL_Driver/Src/stm32f1xx_hal_tim_ex.c.obj

.debug_line     0x00000000     0xad72
 .debug_line    0x00000000      0x26d CMakeFiles/source.elf.dir/Core/Src/gpio.c.obj
 .debug_line    0x0000026d      0x7e0 CMakeFiles/source.elf.dir/Core/Src/main.c.obj
 .debug_line    0x00000a4d      0x1a7 CMakeFiles/source.elf.dir/Core/Src/stm32f1xx_hal_msp.c.obj
 .debug_line    0x00000bf4      0x345 CMakeFiles/source.elf.dir/Core/Src/stm32f1xx_it.c.obj
 .debug_line    0x00000f39      0x270 CMakeFiles/source.elf.dir/Core/Src/system_stm32f1xx.c.obj
 .debug_line    0x000011a9      0x4aa CMakeFiles/source.elf.dir/Core/Src/tim.c.obj
 .debug_line    0x00001653       0xb3 CMakeFiles/source.elf.dir/Core/Startup/startup_stm32f103c8tx.s.obj
 .debug_line    0x00001706      0x5b8 CMakeFiles/source.elf.dir/Drivers/STM32F1xx_HAL_Driver/Src/stm32f1xx_hal.c.obj
 .debug_line    0x00001cbe      0x693 CMakeFiles/source.elf.dir/Drivers/STM32F1xx_HAL_Driver/Src/stm32f1xx_hal_cortex.c.obj
 .debug_line    0x00002351      0x7e2 CMakeFiles/source.elf.dir/Drivers/STM32F1xx_HAL_Driver/Src/stm32f1xx_hal_flash.c.obj
 .debug_line    0x00002b33      0x974 CMakeFiles/source.elf.dir/Drivers/STM32F1xx_HAL_Driver/Src/stm32f1xx_hal_flash_ex.c.obj
 .debug_line    0x000034a7      0x63b CMakeFiles/source.elf.dir/Drivers/STM32F1xx_HAL_Driver/Src/stm32f1xx_hal_gpio.c.obj
 .debug_line    0x00003ae2      0xc78 CMakeFiles/source.elf.dir/Drivers/STM32F1xx_HAL_Driver/Src/stm32f1xx_hal_rcc.c.obj
 .debug_line    0x0000475a     0x49d0 CMakeFiles/source.elf.dir/Drivers/STM32F1xx_HAL_Driver/Src/stm32f1xx_hal_tim.c.obj
 .debug_line    0x0000912a     0x1c48 CMakeFiles/source.elf.dir/Drivers/STM32F1xx_HAL_Driver/Src/stm32f1xx_hal_tim_ex.c.obj

.debug_str      0x00000000     0x352f
 .debug_str     0x00000000      0x28a CMakeFiles/source.elf.dir/Core/Src/gpio.c.obj
                                0x2d5 (size before relaxing)
 .debug_str     0x0000028a      0x856 CMakeFiles/source.elf.dir/Core/Src/main.c.obj
                                0xaf8 (size before relaxing)
 .debug_str     0x00000ae0       0x87 CMakeFiles/source.elf.dir/Core/Src/stm32f1xx_hal_msp.c.obj
                                0x277 (size before relaxing)
 .debug_str     0x00000b67      0x10a CMakeFiles/source.elf.dir/Core/Src/stm32f1xx_it.c.obj
                                0x76e (size before relaxing)
 .debug_str     0x00000c71       0xab CMakeFiles/source.elf.dir/Core/Src/system_stm32f1xx.c.obj
                                0x2ac (size before relaxing)
 .debug_str     0x00000d1c      0x5d4 CMakeFiles/source.elf.dir/Core/Src/tim.c.obj
                                0xd57 (size before relaxing)
 .debug_str     0x000012f0       0x63 CMakeFiles/source.elf.dir/Core/Startup/startup_stm32f103c8tx.s.obj
                                 0xa5 (size before relaxing)
 .debug_str     0x00001353      0x312 CMakeFiles/source.elf.dir/Drivers/STM32F1xx_HAL_Driver/Src/stm32f1xx_hal.c.obj
                                0x87c (size before relaxing)
 .debug_str     0x00001665      0x3c1 CMakeFiles/source.elf.dir/Drivers/STM32F1xx_HAL_Driver/Src/stm32f1xx_hal_cortex.c.obj
                                0x92b (size before relaxing)
 .debug_str     0x00001a26      0x29f CMakeFiles/source.elf.dir/Drivers/STM32F1xx_HAL_Driver/Src/stm32f1xx_hal_flash.c.obj
                                0x587 (size before relaxing)
 .debug_str     0x00001cc5      0x299 CMakeFiles/source.elf.dir/Drivers/STM32F1xx_HAL_Driver/Src/stm32f1xx_hal_flash_ex.c.obj
                                0x69d (size before relaxing)
 .debug_str     0x00001f5e      0x146 CMakeFiles/source.elf.dir/Drivers/STM32F1xx_HAL_Driver/Src/stm32f1xx_hal_gpio.c.obj
                                0x458 (size before relaxing)
 .debug_str     0x000020a4      0x221 CMakeFiles/source.elf.dir/Drivers/STM32F1xx_HAL_Driver/Src/stm32f1xx_hal_rcc.c.obj
                                0x683 (size before relaxing)
 .debug_str     0x000022c5      0xdcb CMakeFiles/source.elf.dir/Drivers/STM32F1xx_HAL_Driver/Src/stm32f1xx_hal_tim.c.obj
                               0x1697 (size before relaxing)
 .debug_str     0x00003090      0x49f CMakeFiles/source.elf.dir/Drivers/STM32F1xx_HAL_Driver/Src/stm32f1xx_hal_tim_ex.c.obj
                                0xe98 (size before relaxing)

.comment        0x00000000       0x4d
 .comment       0x00000000       0x4d CMakeFiles/source.elf.dir/Core/Src/gpio.c.obj
                                 0x4e (size before relaxing)
 .comment       0x0000004d       0x4e CMakeFiles/source.elf.dir/Core/Src/main.c.obj
 .comment       0x0000004d       0x4e CMakeFiles/source.elf.dir/Core/Src/stm32f1xx_hal_msp.c.obj
 .comment       0x0000004d       0x4e CMakeFiles/source.elf.dir/Core/Src/stm32f1xx_it.c.obj
 .comment       0x0000004d       0x4e CMakeFiles/source.elf.dir/Core/Src/system_stm32f1xx.c.obj
 .comment       0x0000004d       0x4e CMakeFiles/source.elf.dir/Core/Src/tim.c.obj
 .comment       0x0000004d       0x4e CMakeFiles/source.elf.dir/Drivers/STM32F1xx_HAL_Driver/Src/stm32f1xx_hal.c.obj
 .comment       0x0000004d       0x4e CMakeFiles/source.elf.dir/Drivers/STM32F1xx_HAL_Driver/Src/stm32f1xx_hal_cortex.c.obj
 .comment       0x0000004d       0x4e CMakeFiles/source.elf.dir/Drivers/STM32F1xx_HAL_Driver/Src/stm32f1xx_hal_flash.c.obj
 .comment       0x0000004d       0x4e CMakeFiles/source.elf.dir/Drivers/STM32F1xx_HAL_Driver/Src/stm32f1xx_hal_flash_ex.c.obj
 .comment       0x0000004d       0x4e CMakeFiles/source.elf.dir/Drivers/STM32F1xx_HAL_Driver/Src/stm32f1xx_hal_gpio.c.obj
 .comment       0x0000004d       0x4e CMakeFiles/source.elf.dir/Drivers/STM32F1xx_HAL_Driver/Src/stm32f1xx_hal_rcc.c.obj
 .comment       0x0000004d       0x4e CMakeFiles/source.elf.dir/Drivers/STM32F1xx_HAL_Driver/Src/stm32f1xx_hal_tim.c.obj
 .comment       0x0000004d       0x4e CMakeFiles/source.elf.dir/Drivers/STM32F1xx_HAL_Driver/Src/stm32f1xx_hal_tim_ex.c.obj

.debug_frame    0x00000000     0x1c00
 .debug_frame   0x00000000       0x38 CMakeFiles/source.elf.dir/Core/Src/gpio.c.obj
 .debug_frame   0x00000038      0x104 CMakeFiles/source.elf.dir/Core/Src/main.c.obj
 .debug_frame   0x0000013c       0x28 CMakeFiles/source.elf.dir/Core/Src/stm32f1xx_hal_msp.c.obj
 .debug_frame   0x00000164       0xc0 CMakeFiles/source.elf.dir/Core/Src/stm32f1xx_it.c.obj
 .debug_frame   0x00000224       0x30 CMakeFiles/source.elf.dir/Core/Src/system_stm32f1xx.c.obj
 .debug_frame   0x00000254       0x88 CMakeFiles/source.elf.dir/Core/Src/tim.c.obj
 .debug_frame   0x000002dc      0x1cc CMakeFiles/source.elf.dir/Drivers/STM32F1xx_HAL_Driver/Src/stm32f1xx_hal.c.obj
 .debug_frame   0x000004a8      0x118 CMakeFiles/source.elf.dir/Drivers/STM32F1xx_HAL_Driver/Src/stm32f1xx_hal_cortex.c.obj
 .debug_frame   0x000005c0      0x134 CMakeFiles/source.elf.dir/Drivers/STM32F1xx_HAL_Driver/Src/stm32f1xx_hal_flash.c.obj
 .debug_frame   0x000006f4      0x194 CMakeFiles/source.elf.dir/Drivers/STM32F1xx_HAL_Driver/Src/stm32f1xx_hal_flash_ex.c.obj
 .debug_frame   0x00000888       0xe4 CMakeFiles/source.elf.dir/Drivers/STM32F1xx_HAL_Driver/Src/stm32f1xx_hal_gpio.c.obj
 .debug_frame   0x0000096c      0x184 CMakeFiles/source.elf.dir/Drivers/STM32F1xx_HAL_Driver/Src/stm32f1xx_hal_rcc.c.obj
 .debug_frame   0x00000af0      0xb18 CMakeFiles/source.elf.dir/Drivers/STM32F1xx_HAL_Driver/Src/stm32f1xx_hal_tim.c.obj
 .debug_frame   0x00001608      0x40c CMakeFiles/source.elf.dir/Drivers/STM32F1xx_HAL_Driver/Src/stm32f1xx_hal_tim_ex.c.obj
 .debug_frame   0x00001a14       0x2c c:/gcc-arm-none-eabi-10-2020-q4-major/bin/../lib/gcc/arm-none-eabi/10.2.1/../../../../arm-none-eabi/lib/thumb/v7-m/nofp\libg.a(lib_a-init.o)
 .debug_frame   0x00001a40       0x2c c:/gcc-arm-none-eabi-10-2020-q4-major/bin/../lib/gcc/arm-none-eabi/10.2.1/../../../../arm-none-eabi/lib/thumb/v7-m/nofp\libg.a(lib_a-memset.o)
 .debug_frame   0x00001a6c       0x5c c:/gcc-arm-none-eabi-10-2020-q4-major/bin/../lib/gcc/arm-none-eabi/10.2.1/../../../../arm-none-eabi/lib/thumb/v7-m/nofp\libg.a(lib_a-__call_atexit.o)
 .debug_frame   0x00001ac8       0x20 c:/gcc-arm-none-eabi-10-2020-q4-major/bin/../lib/gcc/arm-none-eabi/10.2.1/../../../../arm-none-eabi/lib/thumb/v7-m/nofp\libg.a(lib_a-atexit.o)
 .debug_frame   0x00001ae8       0x34 c:/gcc-arm-none-eabi-10-2020-q4-major/bin/../lib/gcc/arm-none-eabi/10.2.1/../../../../arm-none-eabi/lib/thumb/v7-m/nofp\libg.a(lib_a-fini.o)
 .debug_frame   0x00001b1c       0xb0 c:/gcc-arm-none-eabi-10-2020-q4-major/bin/../lib/gcc/arm-none-eabi/10.2.1/../../../../arm-none-eabi/lib/thumb/v7-m/nofp\libg.a(lib_a-lock.o)
 .debug_frame   0x00001bcc       0x34 c:/gcc-arm-none-eabi-10-2020-q4-major/bin/../lib/gcc/arm-none-eabi/10.2.1/../../../../arm-none-eabi/lib/thumb/v7-m/nofp\libg.a(lib_a-__atexit.o)

.debug_loc      0x00000000     0x9066
 .debug_loc     0x00000000      0x206 CMakeFiles/source.elf.dir/Core/Src/main.c.obj
 .debug_loc     0x00000206       0x15 CMakeFiles/source.elf.dir/Core/Src/stm32f1xx_hal_msp.c.obj
 .debug_loc     0x0000021b       0xff CMakeFiles/source.elf.dir/Core/Src/system_stm32f1xx.c.obj
 .debug_loc     0x0000031a       0xa9 CMakeFiles/source.elf.dir/Core/Src/tim.c.obj
 .debug_loc     0x000003c3      0x141 CMakeFiles/source.elf.dir/Drivers/STM32F1xx_HAL_Driver/Src/stm32f1xx_hal.c.obj
 .debug_loc     0x00000504      0x71f CMakeFiles/source.elf.dir/Drivers/STM32F1xx_HAL_Driver/Src/stm32f1xx_hal_cortex.c.obj
 .debug_loc     0x00000c23      0x3a2 CMakeFiles/source.elf.dir/Drivers/STM32F1xx_HAL_Driver/Src/stm32f1xx_hal_flash.c.obj
 .debug_loc     0x00000fc5      0x87f CMakeFiles/source.elf.dir/Drivers/STM32F1xx_HAL_Driver/Src/stm32f1xx_hal_flash_ex.c.obj
 .debug_loc     0x00001844      0x47d CMakeFiles/source.elf.dir/Drivers/STM32F1xx_HAL_Driver/Src/stm32f1xx_hal_gpio.c.obj
 .debug_loc     0x00001cc1      0x618 CMakeFiles/source.elf.dir/Drivers/STM32F1xx_HAL_Driver/Src/stm32f1xx_hal_rcc.c.obj
 .debug_loc     0x000022d9     0x50fa CMakeFiles/source.elf.dir/Drivers/STM32F1xx_HAL_Driver/Src/stm32f1xx_hal_tim.c.obj
 .debug_loc     0x000073d3     0x1c93 CMakeFiles/source.elf.dir/Drivers/STM32F1xx_HAL_Driver/Src/stm32f1xx_hal_tim_ex.c.obj
